// Jest Snapshot v1, https://goo.gl/fbAQLP

exports[`unit tests for FormFilter component should match the snapshot 1`] = `
<form class="form">
  <div class="form__block"><input type="text" placeholder="Enter text" aria-label="Enter text" required="required" class="form__control"> <button type="submit" class="button">Find</button></div>
</form>
`;
