// Jest Snapshot v1, https://goo.gl/fbAQLP

exports[`unit tests for Main component should match the snapshot 1`] = `
<section class="container">
  <form class="form">
    <div class="form__block"><input type="text" placeholder="Enter text" aria-label="Enter text" required="required" class="form__control"> <button type="submit" class="button">Find</button></div>
  </form>
  <!---->
  <div>
    <div class="overflow-auto">
      <table class="table">
        <thead>
          <tr>
            <th class="sort">
              ID
              <span class="sort-icon"></span>
            </th>
            <th class="sort">
              First Name
              <span class="sort-icon"></span>
            </th>
            <th class="sort">
              Last Name
              <span class="sort-icon"></span>
            </th>
            <th class="">
              Phone
              <!---->
            </th>
            <th class="">
              Email
              <!---->
            </th>
          </tr>
        </thead>
        <tbody>
          <!---->
        </tbody>
      </table>
    </div>
    <!---->
  </div>
  <div class="card">
    <div class="card__body">
      <p class="card__text">Selected user: <b>Meribeth Haglund</b></p>
      <p class="card__text"> Description:
        <textarea disabled="disabled" class="card__textarea" style="height: 2px;"></textarea>
      </p>
      <p class="card__text">Residence address: <b>9749 Ante Ct</b></p>
      <p class="card__text">City: <b>El Dorado Hills</b></p>
      <p class="card__text">Province / State: <b>NV</b></p>
      <p class="card__text">Zip: <b>71328</b></p>
    </div>
  </div>
  <!---->
</section>
`;
