// Jest Snapshot v1, https://goo.gl/fbAQLP

exports[`unit tests for Pagination component should match the snapshot 1`] = `
<ul class="pagination">
  <li class="pagination__item"><button type="button" aria-label="First" disabled="disabled" class="pagination__link"><span aria-hidden="true">«</span></button></li>
  <li class="pagination__item"><button type="button" aria-label="Previous" disabled="disabled" class="pagination__link"><span aria-hidden="true">‹</span></button></li>
  <!---->
  <li class="pagination__item pagination__item--active"><button type="button" class="pagination__link">
      1</button></li>
  <li class="pagination__item"><button type="button" class="pagination__link">
      2</button></li>
  <li class="pagination__item"><button type="button" class="pagination__link">
      3</button></li>
  <!---->
  <li class="pagination__item"><button type="button" aria-label="Next" class="pagination__link"><span aria-hidden="true">›</span></button></li>
  <li class="pagination__item"><button type="button" aria-label="Last" class="pagination__link"><span aria-hidden="true">»</span></button></li>
</ul>
`;
