// Jest Snapshot v1, https://goo.gl/fbAQLP

exports[`unit tests for Table component should match the snapshot 1`] = `
<div>
  <div class="overflow-auto">
    <table class="table">
      <thead>
        <tr>
          <th class="sort">
            ID
            <span class="sort-icon"></span>
          </th>
          <th class="sort">
            First Name
            <span class="sort-icon"></span>
          </th>
          <th class="sort">
            Last Name
            <span class="sort-icon"></span>
          </th>
          <th class="">
            Phone
            <!---->
          </th>
          <th class="">
            Email
            <!---->
          </th>
        </tr>
      </thead>
      <tbody>
        <tr>
          <td>261</td>
          <td>Meribeth</td>
          <td>Haglund</td>
          <td>(411)804-5726</td>
          <td>VDaly@odio.io</td>
        </tr>
        <tr>
          <td>295</td>
          <td>Marcus</td>
          <td>Espinosa</td>
          <td>(497)561-3057</td>
          <td>LDover@mattis.com</td>
        </tr>
        <tr>
          <td>289</td>
          <td>Ravi</td>
          <td>Kramarsky</td>
          <td>(484)242-1514</td>
          <td>AGerver@sed.ly</td>
        </tr>
        <!---->
      </tbody>
    </table>
  </div>
  <!---->
</div>
`;
